Using map ../maps/maps/williams/wpc/cp_16.nv.json for cp_16.nv
Dumping known entries for cp_16.nv [Champion Pub, The (1.6)]...

B.2 EARNINGS AUDS.
------------------
02 RECENT LEFT SLOT: 0
03 RECENT CENT. SLOT: 0
04 RECENT RGHT. SLOT: 0
05 RECENT 4TH SLOT: 0
06 RECENT PAID CRED: 0
07 RECENT SERV. CRED: 0
09 TOTAL LEFT SLOT: 0
10 TOTAL CENTR. SLOT: 0
11 TOTAL RIGHT SLOT: 0
12 TOTAL 4TH SLOT: 0
13 TOTAL PAID CRED.: 0
14 TOTAL SERV. CRED.: 0

B.3 STANDARD AUDS.
------------------
01 GAMES STARTED: 0
02 TOTAL PLAYS: 0
03 TOTAL FREE PLAYS: 0
05 REPLAY AWARDS: 0
07 SPECIAL AWARDS: 0
09 MATCH AWARDS: 0
11 H.S.T.D. CREDITS: 0
13 EXTRA BALLS: 0
15 TICKETS AWARDED: 0
17 LEFT DRAINS: 0
18 RIGHT DRAINS: 0
21 PLAY TIME: 0:00:00
22 MINUTES ON: 5
23 BALLS PLAYED: 0
24 TILTS: 0
25 REPLAY 1 AWARDS: 0
26 REPLAY 2 AWARDS: 0
27 REPLAY 3 AWARDS: 0
28 REPLAY 4 AWARDS: 0
29 1 PLAYER GAMES: 0
30 2 PLAYER GAMES: 0
31 3 PLAYER GAMES: 0
32 4 PLAYER GAMES: 0
33 H.S.T.D. RESET COUNT: 1,200
34 BURN-IN TIME: 0:00:00
36 LEFT FLIPPER: 0
37 RIGHT FLIPPER: 0

B.4 FEATURE AUDS.
-----------------
01 START BOUT 1: 0
02 START BOUT 2: 0
03 START BOUT 3: 0
04 START BOUT 4: 0
05 START BOUT 5: 0
06 WIN BOUT 1: 0
07 WIN BOUT 2: 0
08 WIN BOUT 3: 0
09 WIN BOUT 4: 0
10 WIN BOUT 5: 0
11 BALL SAVES: 0
12 SECOND WIND SAVE: 0
13 HEAVY COMPLETE: 0
14 JUMP COMPLETE: 0
15 SPEED COMPLETE: 0
16 FIRST JACKPOT: 0
17 FIFTH JACKPOT: 0
18 TENTH JACKPOT: 0
19 JACKPOT DELUXE: 0
20 ALL TRAINING: 0
21 MULTIBALLS: 0
22 KO BOXER: 0
23 CASH FIGHTS: 0
24 START ULTIMATE: 0
25 FINISH ULTIMATE: 0
26 FIST STARTED: 0
27 FIRST LOCK: 0
28 SECOND LOCK: 0
29 START MULTIBRAWL: 0
30 START SPIT: 0
31 SPIT EXTRA BALL: 0
32 END SPIT: 0
33 START HURRY UPS: 0
34 END 1ST HURRY UP: 0
35 END 2ND HURRY UP: 0
36 END 3RD HURRY UP: 0
37 END 4TH HURRY UP: 0
38 SKL 10 POINTS: 0
39 SKL SMART PUNCH: 0
40 SKL MILLION: 0
41 SKL DOOR PRIZE: 0
42 SKL HURRY UP: 0
43 SKL BONUS MULT: 0
44 SKL 2X PURSE: 0
45 SKL LITE JACKPOT: 0
46 DOOR START FIGHT: 0
47 DOOR LITE SPIT: 0
48 DOOR LITE EXT B.: 0
49 DOOR SIX HEALTH: 0
50 DOOR SMART PUNCH: 0
51 DOOR LITE SECOND: 0
52 DOOR LITE POKER: 0
53 P ROYAL FLUSH: 0
54 P STRAIGHT FLUSH: 0
55 P FOUR OF A KIND: 0
56 P FULL HOUSE: 0
57 P FLUSH: 0
58 P STRAIGHT: 0
59 P 3 OF A KIND: 0
60 P TWO PAIR: 0
61 P PAIR: 0
62 P ACE HIGH: 0
63 P HIGH CARD: 0
64 DANGER ZONES: 0
65 DZ POWER SHOT: 0
66 DZ KNOCK OUT: 0

B.5 HISTOGRAMS
--------------
01 0-1 M. SCORE: 0
02 2-4 M. SCORE: 0
03 5-9 M. SCORE: 0
04 10-14 M. SCORE: 0
05 15-19 M. SCORE: 0
06 20-24 M. SCORE: 0
07 25-29 M. SCORE: 0
08 30-39 M. SCORE: 0
09 40-49 M. SCORE: 0
10 50-59 M. SCORE: 0
11 60-79 M. SCORE: 0
12 80-99 M. SCORE: 0
13 100M+ SCORE: 0
14 GAME TIME 0.0-1.0M: 0
15 GAME TIME 1.0-1.5M: 0
16 GAME TIME 1.5-2.0M: 0
17 GAME TIME 2.0-2.5M: 0
18 GAME TIME 2.5-3.0M: 0
19 GAME TIME 3.0-3.5M: 0
20 GAME TIME 3.5-4.0M: 0
21 GAME TIME 4-5 M.: 0
22 GAME TIME 5-6 M.: 0
23 GAME TIME 6-8 M.: 0
24 GAME TIME 8-10 M: 0
25 GAME TIME 10-15M: 0
26 GAME TIME > 15M: 0

B.6 TIME-STAMPS
---------------
02 TOTALS CLEARED: 2025-01-02 20:27
03 CLOCK LAST SET: 2025-01-02 20:27
04 AUDITS CLEARED: 2025-01-02 20:27
05 COINS CLEARED: 2025-01-02 20:27
06 FACTORY SETTING: 2025-01-02 20:27
07 LAST GAME START: 2025-01-02 20:27
08 LAST REPLAY: 2025-01-02 20:27
09 LAST HSTD RESET: 2025-01-02 20:27
10 CHAMPION RESET: 2025-01-02 20:27
11 LAST PRINTOUT: 2025-01-02 20:27
12 LAST SERV. CRED: 2025-01-02 20:27
13 SED TEST 9111 02: 2025-01-02 20:27

Game State
----------
Players: 0
Player 1: 0
Player 2: 0
Player 3: 0
Player 4: 0
WPC Game ID: 50063
Replay: 50,000,000
Credits: 0
Volume: 12
Attract: ATTRACT
Current Player: 1
Ball: 1
Extra Balls: 0
EBs this Ball: 0

high_scores
-----------
Grand Champion: PJP 75,000,000
First Place: XAQ 65,000,000
Second Place: BEC 55,000,000
Third Place: P B 45,000,000
Fourth Place: L D 35,000,000

mode_champions
--------------
Pub Champ: B C
Jump Rope Champ: JIM 20 Jumps
Speed Bag Champ: PJP 15 Hits
Last Played: 2025-01-02 00:01
