Using map ../maps/williams.system7.nv.json for dfndr_l4.nv

Game State
----------
Credits: 29

high_scores
-----------
First Place: 3,137,150
Second Place: 0
Third Place: 0
Fourth Place: 0
