Using map ../maps/maps/bally/as-2518-35/embryond.nv.json for embryon.nv
Dumping known entries for embryon.nv [Embryon]...

Game State
----------
Credits: 0
Player 1: 0
Player 2: 0
Player 3: 0
Player 4: 0

high_scores
-----------
High Score: 0
