Using map ../maps/maps/bally/as-2518-35/fathom.nv.json for fathom.nv
Dumping known entries for fathom.nv [Fathom]...

Game State
----------
Credits: 7

Player Scores
-------------
Player 1: 39,130
Player 2: 25,110
Player 3: 0
Player 4: 0

high_scores
-----------
High Score: 563,440
