Using map maps/bally/as-2518-35/fball_ii.nv.json for fball_ii.nv

Game State
----------
Credits: 0

Player Scores
-------------
Player 1: 0
Player 2: 0
Player 3: 0
Player 4: 500,000

high_scores
-----------
High Score: 0
