Using map maps/williams/wpc/fh_905h.nv.json for fh_906h.nv

Game State
----------
Credits: 1
Volume: 31
Replay: 9,100,000

Player Scores
-------------
Player 1: 2,170,790
Player 2: 1,880,850
Player 3: 0
Player 4: 0

high_scores
-----------
Grand Champion: LED 15,000,000
First Place: PML 12,000,000
Second Place: EAE 11,000,000
Third Place: J K 10,000,000
Fourth Place: HEY 9,000,000
