Using map ../maps/maps/bally/as-2518-35/frontier.nv.json for frontier.nv
Dumping known entries for frontier.nv [Frontier]...

Game State
----------
Credits: 0

Player Scores
-------------
Player 1: 0
Player 2: 0
Player 3: 0
Player 4: 0

high_scores
-----------
High Score: 0
