Using map maps/williams/system11/gmine_l2.nv.json for gmine_l2.nv

Game State
----------
Credits: 22
Player 1: 0
Player 2: 0
Player 3: 0
Player 4: 0
Player 5: 0
Player 6: 0

high_scores
-----------
High Score: 104
