Using map maps/williams/wpc/gw_l5.nv.json for gw_l5.nv

Game State
----------
Players: 0
Player 1: 0
Player 2: 0
Player 3: 0
Player 4: 0
WPC Game ID: 50004
Replay: 75,000,000
Credits: 0
Volume: 12
Attract: ATTRACT
Current Player: 1
Ball: 1
Extra Balls: 0
EBs this Ball: 0

high_scores
-----------
Grand Champion: DWF 200,000,000
First Place: DTW 150,000,000
Second Place: SSR 125,000,000
Third Place: XAQ 100,000,000
Fourth Place: AJS 75,000,000

mode_champions
--------------
Loop Champion: DWF 3 Loops
Last Played: 2025-01-03 00:01
