Using map ../maps/maps/williams/wpc/hurr_l2.nv.json for hurr_l2.nv
Dumping known entries for hurr_l2.nv [Hurricane (L-2)]...

B.2 EARNINGS AUDS.
------------------
02 RECENT LEFT SLOT: 9
03 RECENT CENT. SLOT: 0
04 RECENT RGHT. SLOT: 21
05 RECENT 4TH SLOT: 0
06 RECENT PAID CRED: 17
07 RECENT SERV. CRED: 1
09 TOTAL LEFT SLOT: 9
10 TOTAL CENTR. SLOT: 0
11 TOTAL RIGHT SLOT: 21
12 TOTAL 4TH SLOT: 0
13 TOTAL PAID CRED.: 17
14 TOTAL SERV. CRED.: 1

B.3 STANDARD AUDS.
------------------
01 GAMES STARTED: 31
02 TOTAL PLAYS: 11
03 TOTAL FREE PLAYS: 0
05 REPLAY AWARDS: 0
07 SPECIAL AWARDS: 0
09 MATCH AWARDS: 0
11 H.S.T.D. CREDITS: 0
13 EXTRA BALLS: 1
15 TICKETS AWARDED: 0
17 LEFT DRAINS: 5
18 RIGHT DRAINS: 7
21 MINUTES OF PLAY: 150
22 MINUTES ON: 120
23 BALLS PLAYED: 46
24 TILTS: 0
25 REPLAY 1 AWARDS: 0
26 REPLAY 2 AWARDS: 0
27 REPLAY 3 AWARDS: 0
28 REPLAY 4 AWARDS: 0
29 1 PLAYER GAMES: 6
30 2 PLAYER GAMES: 2
31 3 PLAYER GAMES: 0
32 4 PLAYER GAMES: 0
33 H.S.T.D. RESET COUNT: 2,989
34 BURN-IN CYCLES: 0

B.4 FEATURE AUDS.
-----------------
01 LEFT FLIPPERS: 693
02 RIGHT FLIPPERS: 660
03 PALACE LETTERS: 5
04 JACKPOT LIT: 1
05 JACKPOTS: 0
06 CLOWN TIME: 1
07 CLOWN TRICKS: 1
08 LEFT DROP BANK: 5
09 RIGHT STANDUPS: 12
10 FERRIS WHEELS: 10
11 MULTIBALLS: 0
12 M.B. HURR. RAMPS: 0
13 HURRICANE RAMPS: 11
14 HURR. MILLIONS: 0
15 COMET RAMPS: 34
16 COMET MILLIONS: 0
17 SKILL SHOT AWARD: 2
18 BONUS 2X: 11
19 BONUS 3X: 0
20 BONUS 4X: 1
21 BONUS 5X: 0
22 BONUS 6X: 0
23 MYSTERY WHEEL: 9

B.5 HISTOGRAMS
--------------
01 0-0.9 M. SCORE: 2
02 1-1.9 M. SCORE: 1
03 2-3.9 M. SCORE: 3
04 4-5.9 M. SCORE: 3
05 6-7.9 M. SCORE: 1
06 8-9.9 M. SCORE: 0
07 10-14 M. SCORE: 0
08 15-19 M. SCORE: 0
09 20-29 M. SCORE: 0
10 30-39 M. SCORE: 0
11 40-49 M. SCORE: 0
12 50-74 M. SCORE: 0
13 OVER 75 MILLION: 0
14 GAME TIME 0.0-1.0M: 1
15 GAME TIME 1.0-1.5M: 1
16 GAME TIME 1.5-2.0M: 3
17 GAME TIME 2.0-2.5M: 0
18 GAME TIME 2.5-3.0M: 1
19 GAME TIME 3.0-3.5M: 3
20 GAME TIME 3.5-4.0M: 0
21 GAME TIME 4-5 M.: 1
22 GAME TIME 5-6 M.: 0
23 GAME TIME 6-8 M.: 0
24 GAME TIME 8-10 M: 0
25 GAME TIME 10-15M: 0
26 GAME TIME > 15M: 0

B.6 TIME-STAMPS
---------------
02 TOTALS CLEARED: 2016-01-05 13:35
03 CLOCK LAST SET: 2016-01-05 13:35
04 AUDITS CLEARED: 2016-01-05 13:35
05 COINS CLEARED: 2016-01-05 13:35
06 FACTORY SETTING: 2016-01-05 13:35
07 LAST GAME START: 2023-11-21 07:58
08 LAST REPLAY: 2016-01-05 13:35
09 LAST HSTD RESET: 2016-01-05 13:35
10 CHAMPION RESET: 2016-01-05 13:35
11 LAST PRINTOUT: 2016-01-05 13:35
12 LAST SERV. CRED: 2023-11-21 07:56

Game State
----------
Players: 1
Player 1: 100,030
Player 2: 0
Player 3: 0
Player 4: 0
WPC Game ID: 50012
Jackpot Value: 5,000,000
Replay: 26,000,000
Credits: 0
Volume: 27
Current Player: 1
Ball: 1
Extra Balls: 0
EBs this Ball: 0
Attract: ATTRACT
Ball Count: 5

high_scores
-----------
Grand Champion: EYK 60,000,000
First Place: BSO 40,000,000
Second Place: PVA 35,000,000
Third Place: P H 30,000,000
Fourth Place: GLH 25,000,000

mode_champions
--------------
Clown Time Record: OMA
Last Played: 2025-01-03 00:01
