Using map maps/williams/wpc/mm_10.nv.json for mm_10.nv

B.2 Earnings Audits
-------------------
02 Recent Left Slot: 0
03 Recent Cent. Slot: 0
04 Recent Rght. Slot: 0
05 Recent 4th Slot: 0
06 Recent Paid Cred: 0
07 Recent Serv. Cred: 0
09 Total Left Slot: 0
10 Total Cent. Slot: 0
11 Total Rght. Slot: 0
12 Total 4th Slot: 0
13 Total Paid Cred: 0
14 Total Serv. Cred: 0

B.3 Standard Audits
-------------------
01 Games Started: 0
02 Total Plays: 0
03 Total Free Plays: 0
05 Replay Awards: 0
09 Match Awards: 0
11 H.S.T.D. Credits: 0
13 Extra Balls: 0
15 Tickets Awarded: 0
17 Left Drains: 0
18 Right Drains: 0
21 Play Time: 0:00:00
22 Minutes On: 0:00:00
23 Balls Played: 0
24 Tilts: 0
25 Replay 1 Awards: 0
26 Replay 2 Awards: 0
27 Replay 3 Awards: 0
28 Replay 4 Awards: 0
29 1 Player Games: 0
30 2 Player Games: 0
31 3 Player Games: 0
32 4 Player Games: 0
33 H.S.T.D. Reset Count: 3,000
34 Burn-in Time: 0:00:00
35 1st Replay Level: 28M
36 Left Flipper: 0
37 Right Flipper: 0

B.5 Histograms
--------------
01 0-0.99M Score: 0
02 1-1.99M Score: 0
03 2-4.99M Score: 0
04 5-9.99M Score: 0
05 10-19.99M Score: 0
06 20-29.99M Score: 0
07 30-39.99M Score: 0
08 40-49.99M Score: 0
09 50-59.99M Score: 0
10 60-69.99M Score: 0
11 70-79.99M Score: 0
12 80-89.99M Score: 0
13 Over 90M Score: 0
14 Game Time 0.0-1.0M: 0
15 Game Time 1.0-1.5M: 0
16 Game Time 1.5-2.0M: 0
17 Game Time 2.0-2.5M: 0
18 Game Time 2.5-3.0M: 0
19 Game Time 3.0-3.5M: 0
20 Game Time 3.5-4.0M: 0
21 Game Time 4-5M: 0
22 Game Time 5-6M: 0
23 Game Time 6-8M: 0
24 Game Time 8-10M: 0
25 Game Time 10-15M: 0
26 Game Time > 15M: 0

B.6 Timestamps
--------------
02 Totals Cleared: 2025-01-07 10:28
03 Clock Last Set: 2025-01-07 10:28
04 Audits Cleared: 2025-01-07 10:28
05 Coins Cleared: 2025-01-07 10:28
06 Factory Setting: 2025-01-07 10:28
07 Last Game Start: 2025-01-07 10:28
08 Last Replay: 2025-01-07 10:28
09 Last HSTD Reset: 2025-01-07 10:28
10 Champion Reset: 2025-01-07 10:28
11 Last Printout: 2025-01-07 10:28
12 Last Serv. Cred: 2025-01-07 10:28

Game State
----------
Credits: 0
Volume: 12
Replay: 28,000,000

Player Scores
-------------
Player 1: 0
Player 2: 0
Player 3: 0
Player 4: 0

high_scores
-----------
Grand Champion: SLL 52,000,000
First Place: BRE 44,000,000
Second Place: LFS 40,000,000
Third Place: ZAP 36,000,000
Fourth Place: RCF 32,000,000

mode_champions
--------------
Castle Champion: JCY 6 Castles Destroyed
Joust Champion: DWF 5 Joust Victories
Catapult Champion: ASR 5 Catapult Slams
Peasant Champion: BCM 5 Peasant Revolts
Damsel Champion: DJW 5 Damsels Saved
Troll Champion: JCD 20 Trolls Destroyed
Madness Champion: KOZ 20,000,000
King of the Realm #1: KOP 2025-01-07 10:28
King of the Realm #2: KOP 2025-01-07 10:28
King of the Realm #3: KOP 2025-01-07 10:28
King of the Realm #4: KOP 2025-01-07 10:28
Last Played: 2025-01-07 00:01
