Using map ../maps/maps/williams/system7/generic.nv.json for pharo_l2.nv
Dumping known entries for pharo_l2.nv [Pharaoh (L-2)]...

Game Audits
-----------
42 Game Audit 1: 0
43 Game Audit 2: 0
44 Game Audit 3: 0
45 Game Audit 4: 0
46 Game Audit 5: 0
47 Game Audit 6: 0
48 Game Audit 7: 0
49 Burn-In Cycles: 0
99 CMOS Checksum: 45,733

Standard Audits
---------------
01 Coins, left chute: 0
02 Coins, center chute: 0
03 Coins, right chute: 0
04 Total Paid Credits: 0
05 Special Credits: 0
06 Replay Score Credits: 0
07 Match Credits: 0
08 Total Credits: 0
09 Total Extra Balls: 0
10 Ball Time: 0:00:00
11 Total Balls Played: 0
12 Current HSTD: 2,300,000
13 HSTD Credits: 0
14 Replay 1 Awarded: 0
15 Replay 2 Awarded: 0
16 Replay 3 Awarded: 0
17 Replay 4 Awarded: 0

Game Adjustments
----------------
31 Game Adjust 1: 5
32 Game Adjust 2: 5
33 Game Adjust 3: 25
34 Game Adjust 4: 1
35 Game Adjust 5: 5
36 Game Adjust 6: 4
37 Game Adjust 7: 2
38 Game Adjust 8: 0
39 Game Adjust 9: 0

Standard Adjustments
--------------------
13 Backup HSTD: 2,300,000
14 Replay 1 Score: 700,000
15 Replay 2 Score: 1,500,000
16 Replay 3 Score: 0
17 Replay 4 Score: 0
18 Maximum Credits: 30
19 Pricing Control: 1/1DM, 3/2DM, 10/5DM
20 Left Coin Slot Multiplier: 9
21 Center Coin Slot Multiplier: 45
22 Right Coin Slot Multiplier: 18
23 Coin Units Required for Credit: 5
24 Coin Units Bonus Point: 45
25 Minimum Coin Units: 0
26 Match: On
27 Special Awards: Credit
28 Replay Award: Credit
29 Tilt Warnings: 3
30 Number of Balls: 3
40 HSTD Credits: 3
41 Maximum Extra Balls: 4

Game State
----------
Credits: 0

high_scores
-----------
First Place: 2,300,000
