Using map ../maps/maps/williams/wpc/pz_f4.nv.json for pz_f4.nv
Dumping known entries for pz_f4.nv [Party Zone, The (F-4 Fliptronic)]...

Game State
----------
Players: 0
Player 1: 0
Player 2: 0
Player 3: 0
Player 4: 0
WPC Game ID: 20004
Credits: 0
Volume: 12
Replay: 30,000,000
Big Bang: 20,000,000
Attract: ATTRACT
Current Player: 1
Ball: 1
Extra Balls: 0
EBs this Ball: 0

high_scores
-----------
Grand Champion: DEN 75,000,000
First Place: ZAP 60,000,000
Second Place: JRS 55,000,000
Third Place: DWF 50,000,000
Fourth Place: WHS 45,000,000
Last Played: 2025-01-05 00:01
