Using map ../maps/maps/gottlieb/system80b/80b-7digit-8KB.nv.json for rock.nv
Dumping known entries for rock.nv [Rock]...

Bookkeeping
-----------
01 Left Chute Coins: 0
02 Right Chute Coins: 0
03 Center Chute Coins: 0
04 Total Plays: 0
05 Total Replays: 0
07 Extra Balls: 0
08 Tilts: 0
09 Specials: 0
10 Times HGTD Awarded: 0
14 Highest Game To Date: 0
14a HGTD Initials: 
15 Game Time: 0 seconds

Standard Adjustments
--------------------
11 First High Score: 0
12 Second High Score: 0
13 Third High Score: 0

Game State
----------
Credits: 0

DIP Switches
------------
Left Coin Chute: 9 credits/coin
High Games To Date: no effect
Attract Mode Sound: off
Auto-Percentage Control: Disabled (normal high score mode)
Right Coin Chute: 1 credits/5 coins
Left/Right Coin Chute Control: separate
Maximum Credits: 10
Center Coin Chute: incentive: 1@2, 2@4
Playfield Special: special
High Score Awards: 3 replays
Balls/Game: 3
Match: on
Replay Limit: 1
Novelty: score 500K instead of extra ball/special
Game Mode: extra ball
3rd Coin Chute Credits: add 9 credits
Game Setting #1: on
Game Setting #2: on

high_scores
-----------
High Score #1: 0
High Score #2: 0
High Score #3: 0
High Score #4: 0
High Score #5: 0
