Using map ../maps/maps/bally/as-2518-35/skatebll.nv.json for skatebll.nv
Dumping known entries for skatebll.nv [Skateball]...

Bookkeeping functions
---------------------
05 Current Credits: 0
06 Total Plays (Played and Free Games): 0

Game State
----------
Credits: 0

Player Scores
-------------
Player 1: 0
Player 2: 0
Player 3: 0
Player 4: 0

high_scores
-----------
High Score: 0
