Using map ../maps/maps/williams/system9.nv.json for sorcr_l1.nv
Dumping known entries for sorcr_l1.nv [Sorcerer (L-1)]...

high_scores
-----------
?: 2,500,000
?: 2,000,000
?: 1,500,000
?: 1,100,000
