Using map ../maps/stargoda.nv.json for stargoda.nv

Game State
----------
Credits: 7

Player Scores
-------------
Player 1: 61,610
Player 2: 0
Player 3: 0
Player 4: 0

high_scores
-----------
High Score: 500,000
