Using map maps/williams/wpc/t2_l8.nv.json for t2_l8.nv

Game State
----------
Players: 0
Player 1: 0
Player 2: 0
Player 3: 0
Player 4: 0
WPC Game ID: 50013
Credits: 0
Volume: 12
Replay: 30,000,000
Current Player: 1
Ball: 1
Extra Balls: 0
EBs this Ball: 0
Attract: ATTRACT

high_scores
-----------
Grand Champion: AJA 150,000,000
First Place: XAQ 90,000,000
Second Place: DOC 70,000,000
Third Place: JAS 50,000,000
Fourth Place: JCS 30,000,000
Last Played: 2025-01-06 00:01
