Using map ../maps/maps/williams/williams.system7.nv.json for tmfnt_l5.nv
Dumping known entries for tmfnt_l5.nv [Time Fantasy (L-5)]...

Game State
----------
Credits: 12

high_scores
-----------
First Place: 2,500,000
Second Place: 0
Third Place: 0
Fourth Place: 0
